niri
xwayland-satellite 
waybar
kitty
alacritty
wl-clipboard
cliphist
sddm
stow
tmux
brave-bin
starship
zoxide
eza
yazi
thunar
thunar-volman
thunar-archive-plugin
gvfs
mpv
swaync
rofi
waypaper
swww
brightnessctl 

#fonts
noto-fonts
noto-fonts-cjk
noto-fonts-emoji
ttf-bitstream-vera
ttf-cascadia-code-nerd
ttf-fira-sans
ttf-dejavu
ttf-fantasque-nerd
ttf-hack
ttf-liberation
ttf-meslo-nerd
ttf-nerd-fonts-symbols
ttf-opensans
maplemono-nf


# disk
gnome-disk-utility
baobab


#
telegram-desktop


# dev

gdb
nodejs
npm
bun-bin
nasm
python
tailscale
scrcpy
ripgrep
visual-studio-code-bin


# hypr
hypridle
hyprpaper
hyprlock
ntfs-3g

# auth - polkit
polkit
polkit-gnome

#theme - material
qogir-icon-theme-git 
materia-kde 
kvantum-theme-materia
materia-gtk-theme
orchis-theme
kvantum-theme-orchis-git 
kvantum
nwg-look
qt5-wayland
qt6-wayland
qt5ct
qt6ct

# bluetooth
bluez
bluez-utils
blueman


# tools
zip
unzip
btop
keepassxc

# screen share
xdg-desktop-portal-hyprland
xdg-desktop-portal-gnome
grim
slurp

# network manager
networkmanager
network-manager-applet
